\BOOKMARK [1][-]{section*.1}{\376\377\000A\000b\000s\000t\000r\000a\000c\000t}{}% 1
\BOOKMARK [1][-]{section*.3}{\376\377\000N\000o\000m\000e\000n\000c\000l\000a\000t\000u\000r\000e}{}% 2
\BOOKMARK [2][-]{subsection.0.1}{\376\377\000A\000b\000b\000r\000e\000v\000i\000a\000t\000i\000o\000n\000s}{section*.3}% 3
\BOOKMARK [2][-]{subsection.0.2}{\376\377\000S\000y\000m\000b\000o\000l\000s}{section*.3}% 4
\BOOKMARK [2][-]{subsection.0.3}{\376\377\000P\000h\000y\000s\000i\000c\000a\000l\000\040\000a\000n\000d\000\040\000s\000i\000m\000u\000l\000a\000t\000i\000o\000n\000\040\000c\000o\000n\000s\000t\000a\000n\000t\000s}{section*.3}% 5
\BOOKMARK [1][-]{section.1}{\376\377\000I\000n\000t\000r\000o\000d\000u\000c\000t\000i\000o\000n}{}% 6
\BOOKMARK [2][-]{subsection.1.1}{\376\377\000M\000o\000t\000i\000v\000a\000t\000i\000o\000n}{section.1}% 7
\BOOKMARK [2][-]{subsection.1.2}{\376\377\000R\000e\000s\000e\000a\000r\000c\000h\000\040\000q\000u\000e\000s\000t\000i\000o\000n}{section.1}% 8
\BOOKMARK [2][-]{subsection.1.3}{\376\377\000D\000e\000t\000e\000r\000m\000i\000n\000i\000s\000t\000i\000c\000\040\000b\000a\000s\000e\000l\000i\000n\000e}{section.1}% 9
\BOOKMARK [2][-]{subsection.1.4}{\376\377\000S\000c\000o\000p\000e\000\040\000a\000n\000d\000\040\000s\000i\000m\000p\000l\000i\000f\000i\000c\000a\000t\000i\000o\000n\000s}{section.1}% 10
\BOOKMARK [2][-]{subsection.1.5}{\376\377\000C\000o\000n\000t\000r\000i\000b\000u\000t\000i\000o\000n\000s}{section.1}% 11
\BOOKMARK [2][-]{subsection.1.6}{\376\377\000R\000e\000p\000o\000r\000t\000\040\000s\000t\000r\000u\000c\000t\000u\000r\000e}{section.1}% 12
\BOOKMARK [1][-]{section.2}{\376\377\000M\000e\000t\000h\000o\000d\000s}{}% 13
\BOOKMARK [2][-]{subsection.2.1}{\376\377\000E\000n\000v\000i\000r\000o\000n\000m\000e\000n\000t\000\040\000o\000v\000e\000r\000v\000i\000e\000w}{section.2}% 14
\BOOKMARK [2][-]{subsection.2.2}{\376\377\000S\000i\000m\000p\000l\000i\000f\000i\000c\000a\000t\000i\000o\000n\000s}{section.2}% 15
\BOOKMARK [2][-]{subsection.2.3}{\376\377\000D\000y\000n\000a\000m\000i\000c\000s\000\040\000m\000o\000d\000e\000l}{section.2}% 16
\BOOKMARK [2][-]{subsection.2.4}{\376\377\000O\000v\000e\000r\000f\000l\000i\000g\000h\000t\000\040\000a\000n\000d\000\040\000o\000b\000s\000e\000r\000v\000a\000t\000i\000o\000n\000\040\000m\000o\000d\000e\000l}{section.2}% 17
\BOOKMARK [2][-]{subsection.2.5}{\376\377\000B\000a\000s\000e\000l\000i\000n\000e\000\040\000s\000t\000r\000a\000t\000e\000g\000y}{section.2}% 18
\BOOKMARK [2][-]{subsection.2.6}{\376\377\000A\000t\000t\000i\000t\000u\000d\000e\000\040\000s\000a\000f\000e\000t\000y\000\040\000c\000o\000n\000t\000r\000o\000l\000l\000e\000r}{section.2}% 19
\BOOKMARK [2][-]{subsection.2.7}{\376\377\000R\000e\000w\000a\000r\000d\000\040\000d\000e\000s\000i\000g\000n}{section.2}% 20
\BOOKMARK [2][-]{subsection.2.8}{\376\377\000L\000e\000a\000r\000n\000i\000n\000g\000\040\000a\000l\000g\000o\000r\000i\000t\000h\000m\000:\000\040\000M\000P\000O}{section.2}% 21
\BOOKMARK [2][-]{subsection.2.9}{\376\377\000O\000b\000s\000e\000r\000v\000a\000t\000i\000o\000n\000\040\000a\000n\000d\000\040\000a\000c\000t\000i\000o\000n\000\040\000s\000p\000a\000c\000e}{section.2}% 22
\BOOKMARK [2][-]{subsection.2.10}{\376\377\000S\000i\000m\000u\000l\000a\000t\000i\000o\000n\000\040\000a\000r\000c\000h\000i\000t\000e\000c\000t\000u\000r\000e}{section.2}% 23
\BOOKMARK [1][-]{section.3}{\376\377\000E\000x\000p\000e\000r\000i\000m\000e\000n\000t\000s}{}% 24
\BOOKMARK [2][-]{subsection.3.1}{\376\377\000M\000a\000s\000t\000e\000r\000\040\000c\000o\000m\000p\000a\000r\000i\000s\000o\000n\000\040\000t\000a\000b\000l\000e}{section.3}% 25
\BOOKMARK [2][-]{subsection.3.2}{\376\377\000E\000x\000p\000\040\0001\000:\000\040\000S\000h\000u\000t\000t\000e\000r\000\040\000t\000h\000r\000e\000s\000h\000o\000l\000d\000\040\000a\000b\000l\000a\000t\000i\000o\000n}{section.3}% 26
\BOOKMARK [2][-]{subsection.3.3}{\376\377\000E\000x\000p\000\040\0002\000:\000\040\000M\000o\000d\000u\000l\000a\000r\000\040\000e\000n\000c\000o\000d\000e\000r\000\040\000a\000b\000l\000a\000t\000i\000o\000n}{section.3}% 27
\BOOKMARK [2][-]{subsection.3.4}{\376\377\000E\000x\000p\000\040\0003\000:\000\040\000S\000A\000C\000\040\000v\000s\000.\000\040\000M\000P\000O\000\040\000a\000l\000g\000o\000r\000i\000t\000h\000m\000\040\000c\000o\000m\000p\000a\000r\000i\000s\000o\000n}{section.3}% 28
\BOOKMARK [2][-]{subsection.3.5}{\376\377\000E\000x\000p\000\040\0004\000:\000\040\000V\000e\000c\000t\000o\000r\000\040\000p\000o\000i\000n\000t\000i\000n\000g\000\040\000m\000o\000d\000e}{section.3}% 29
\BOOKMARK [2][-]{subsection.3.6}{\376\377\000E\000x\000p\000\040\0005\000:\000\040\000M\000P\000O\000\040\000n\000e\000t\000w\000o\000r\000k\000\040\000w\000i\000d\000t\000h\000\040\000a\000b\000l\000a\000t\000i\000o\000n}{section.3}% 30
\BOOKMARK [2][-]{subsection.3.7}{\376\377\000E\000x\000p\000\040\0007\000:\000\040\000S\000A\000C\000\040\000v\000e\000c\000t\000o\000r\000\040\000+\000\040\000b\000u\000d\000g\000e\000t\000-\000e\000x\000h\000a\000u\000s\000t\000e\000d\000\040\000s\000h\000u\000t\000t\000e\000r\000\040\000p\000e\000n\000a\000l\000t\000y}{section.3}% 31
\BOOKMARK [2][-]{subsection.3.8}{\376\377\000E\000x\000p\000\040\0008\000:\000\040\000M\000P\000O\000\040\000d\000e\000c\000o\000u\000p\000l\000e\000d\000-\000K\000L\000\040\000d\000u\000a\000l\000\040\000f\000i\000x\000\040\000\050\000t\000o\000r\000q\000u\000e\000\040\000m\000o\000d\000e\000\051}{section.3}% 32
\BOOKMARK [2][-]{subsection.3.9}{\376\377\000E\000x\000p\000\040\0009\000:\000\040\000S\000A\000C\000\040\000s\000h\000u\000t\000t\000e\000r\000\040\000r\000e\000w\000a\000r\000d\000\040\000s\000p\000l\000i\000t\000\040\000\050\000w\000a\000s\000t\000e\000\040\000p\000e\000n\000a\000l\000t\000y\000\040\000o\000f\000f\000\051}{section.3}% 33
\BOOKMARK [2][-]{subsection.3.10}{\376\377\000E\000x\000p\000\040\0001\0000\000:\000\040\000M\000P\000O\000\040\000s\000a\000f\000e\000-\000m\000o\000d\000e\000\040\000p\000e\000n\000a\000l\000t\000y}{section.3}% 34
\BOOKMARK [2][-]{subsection.3.11}{\376\377\000E\000x\000p\000\040\0001\0001\000:\000\040\000M\000P\000O\000\040\000f\000i\000x\000e\000d\000\040\000d\000u\000a\000l\000,\000\040\000v\000e\000c\000t\000o\000r\000\040\000m\000o\000d\000e}{section.3}% 35
\BOOKMARK [2][-]{subsection.3.12}{\376\377\000E\000x\000p\000\040\0001\0002\000:\000\040\000M\000P\000O\000\040\000v\000e\000c\000t\000o\000r\000\040\000+\000\040\000t\000o\000r\000q\000u\000e\000-\000e\000f\000f\000o\000r\000t\000\040\000p\000e\000n\000a\000l\000t\000y\000\040\000a\000b\000l\000a\000t\000i\000o\000n}{section.3}% 36
\BOOKMARK [2][-]{subsection.3.13}{\376\377\000E\000x\000p\000\040\0001\0003\000:\000\040\000M\000P\000O\000\040\000l\000e\000a\000r\000n\000i\000n\000g\000-\000c\000a\000d\000e\000n\000c\000e\000\040\000s\000w\000e\000e\000p}{section.3}% 37
\BOOKMARK [2][-]{subsection.3.14}{\376\377\000E\000x\000p\000\040\0001\0004\000:\000\040\000M\000P\000O\000\040\000m\000u\000l\000t\000i\000-\000e\000n\000v\000i\000r\000o\000n\000m\000e\000n\000t\000\040\000t\000a\000r\000g\000e\000t\000\040\000s\000e\000l\000e\000c\000t\000i\000o\000n}{section.3}% 38
\BOOKMARK [1][-]{section.4}{\376\377\000R\000e\000s\000u\000l\000t\000s}{}% 39
\BOOKMARK [2][-]{subsection.4.1}{\376\377\000A\000g\000g\000r\000e\000g\000a\000t\000e\000\040\000p\000e\000r\000f\000o\000r\000m\000a\000n\000c\000e\000\040\000c\000o\000m\000p\000a\000r\000i\000s\000o\000n}{section.4}% 40
\BOOKMARK [2][-]{subsection.4.2}{\376\377\000L\000e\000a\000r\000n\000i\000n\000g\000\040\000p\000r\000o\000g\000r\000e\000s\000s\000i\000o\000n}{section.4}% 41
\BOOKMARK [2][-]{subsection.4.3}{\376\377\000S\000h\000u\000t\000t\000e\000r\000\040\000s\000p\000a\000m\000\040\000a\000n\000d\000\040\000b\000u\000d\000g\000e\000t\000\040\000e\000f\000f\000i\000c\000i\000e\000n\000c\000y}{section.4}% 42
\BOOKMARK [2][-]{subsection.4.4}{\376\377\000S\000a\000f\000e\000-\000m\000o\000d\000e\000\040\000a\000n\000d\000\040\000s\000a\000f\000e\000t\000y\000\040\000o\000v\000e\000r\000h\000e\000a\000d}{section.4}% 43
\BOOKMARK [2][-]{subsection.4.5}{\376\377\000A\000l\000g\000o\000r\000i\000t\000h\000m\000\040\000c\000o\000m\000p\000a\000r\000i\000s\000o\000n\000:\000\040\000S\000A\000C\000\040\000v\000s\000.\000\040\000M\000P\000O}{section.4}% 44
\BOOKMARK [1][-]{section.5}{\376\377\000D\000i\000s\000c\000u\000s\000s\000i\000o\000n}{}% 45
\BOOKMARK [2][-]{subsection.5.1}{\376\377\000W\000h\000a\000t\000\040\000t\000h\000e\000\040\000e\000x\000p\000e\000r\000i\000m\000e\000n\000t\000\040\000s\000e\000q\000u\000e\000n\000c\000e\000\040\000t\000a\000u\000g\000h\000t}{section.5}% 46
\BOOKMARK [2][-]{subsection.5.2}{\376\377\000A\000n\000s\000w\000e\000r\000\040\000t\000o\000\040\000t\000h\000e\000\040\000r\000e\000s\000e\000a\000r\000c\000h\000\040\000q\000u\000e\000s\000t\000i\000o\000n}{section.5}% 47
\BOOKMARK [2][-]{subsection.5.3}{\376\377\000C\000o\000n\000t\000r\000o\000l\000\040\000h\000i\000e\000r\000a\000r\000c\000h\000y\000\040\000a\000n\000d\000\040\000a\000c\000t\000i\000o\000n\000\040\000i\000n\000t\000e\000r\000f\000a\000c\000e}{section.5}% 48
\BOOKMARK [2][-]{subsection.5.4}{\376\377\000R\000e\000j\000e\000c\000t\000e\000d\000\040\000p\000a\000t\000h\000s}{section.5}% 49
\BOOKMARK [2][-]{subsection.5.5}{\376\377\000L\000i\000m\000i\000t\000a\000t\000i\000o\000n\000s}{section.5}% 50
\BOOKMARK [2][-]{subsection.5.6}{\376\377\000D\000e\000f\000e\000r\000r\000e\000d\000\040\000e\000x\000t\000e\000n\000s\000i\000o\000n\000s}{section.5}% 51
\BOOKMARK [1][-]{section.6}{\376\377\000C\000o\000n\000c\000l\000u\000s\000i\000o\000n}{}% 52
\BOOKMARK [1][-]{appendix.A}{\376\377\000S\000u\000p\000p\000l\000e\000m\000e\000n\000t\000a\000r\000y\000\040\000m\000a\000t\000e\000r\000i\000a\000l}{}% 53
\BOOKMARK [2][-]{subsection.A.1}{\376\377\000R\000e\000p\000o\000s\000i\000t\000o\000r\000y}{appendix.A}% 54
\BOOKMARK [2][-]{subsection.A.2}{\376\377\000S\000o\000u\000r\000c\000e\000\040\000i\000n\000d\000e\000x}{appendix.A}% 55
\BOOKMARK [2][-]{subsection.A.3}{\376\377\000L\000i\000v\000e\000\040\000p\000a\000r\000a\000m\000e\000t\000e\000r\000\040\000r\000e\000c\000o\000r\000d}{appendix.A}% 56
\BOOKMARK [2][-]{subsection.A.4}{\376\377\000A\000r\000t\000i\000f\000a\000c\000t\000\040\000p\000a\000t\000h\000s}{appendix.A}% 57
